Archive member included to satisfy reference by file (symbol)

../lib_dir/libRobot.a(piezo.o)
                              main.o (_ZN5PiezoD1Ev)
../lib_dir/libRobot.a(del.o)  main.o (_ZN3DelC1Ev)
../lib_dir/libRobot.a(memoire_24.o)
                              main.o (_ZN13Memoire24CXXXD1Ev)
../lib_dir/libRobot.a(moteur.o)
                              main.o (_ZN6MoteurC1Ev)
../lib_dir/libRobot.a(UART.o)
                              main.o (_ZN4UARTC1Ev)
/usr/lib/gcc/avr/7.4.0/avr5/libgcc.a(_divmodhi4.o)
                              ../lib_dir/libRobot.a(moteur.o) (__divmodhi4)
/usr/lib/gcc/avr/7.4.0/avr5/libgcc.a(_exit.o)
                              /usr/lib/gcc/avr/7.4.0/../../../../avr/lib/avr5/crtatmega324pa.o (exit)
/usr/lib/gcc/avr/7.4.0/avr5/libgcc.a(_copy_data.o)
                              ../lib_dir/libRobot.a(piezo.o) (__do_copy_data)
/usr/lib/gcc/avr/7.4.0/avr5/libgcc.a(_clear_bss.o)
                              main.o (__do_clear_bss)
/usr/lib/gcc/avr/7.4.0/avr5/libgcc.a(_ctors.o)
                              main.o (__do_global_ctors)
/usr/lib/gcc/avr/7.4.0/avr5/libgcc.a(_dtors.o)
                              main.o (__do_global_dtors)
/usr/lib/gcc/avr/7.4.0/avr5/libgcc.a(_udivmodhi4.o)
                              /usr/lib/gcc/avr/7.4.0/avr5/libgcc.a(_divmodhi4.o) (__udivmodhi4)
/usr/lib/gcc/avr/7.4.0/avr5/libgcc.a(_tablejump2.o)
                              /usr/lib/gcc/avr/7.4.0/avr5/libgcc.a(_ctors.o) (__tablejump2__)

Memory Configuration

Name             Origin             Length             Attributes
text             0x0000000000000000 0x0000000000020000 xr
data             0x0000000000800060 0x000000000000ffa0 rw !x
eeprom           0x0000000000810000 0x0000000000010000 rw !x
fuse             0x0000000000820000 0x0000000000000003 rw !x
lock             0x0000000000830000 0x0000000000000400 rw !x
signature        0x0000000000840000 0x0000000000000400 rw !x
user_signatures  0x0000000000850000 0x0000000000000400 rw !x
*default*        0x0000000000000000 0xffffffffffffffff

Linker script and memory map

Address of section .data set to 0x800100
LOAD /usr/lib/gcc/avr/7.4.0/../../../../avr/lib/avr5/crtatmega324pa.o
LOAD main.o
LOAD /usr/lib/gcc/avr/7.4.0/../../../../avr/lib/avr5/libm.a
LOAD ../lib_dir/libRobot.a
START GROUP
LOAD /usr/lib/gcc/avr/7.4.0/avr5/libgcc.a
LOAD /usr/lib/gcc/avr/7.4.0/../../../../avr/lib/avr5/libm.a
LOAD /usr/lib/gcc/avr/7.4.0/../../../../avr/lib/avr5/libc.a
LOAD /usr/lib/gcc/avr/7.4.0/../../../../avr/lib/avr5/libatmega324pa.a
END GROUP
                0x0000000000020000                __TEXT_REGION_LENGTH__ = DEFINED (__TEXT_REGION_LENGTH__)?__TEXT_REGION_LENGTH__:0x20000
                0x000000000000ffa0                __DATA_REGION_LENGTH__ = DEFINED (__DATA_REGION_LENGTH__)?__DATA_REGION_LENGTH__:0xffa0
                0x0000000000010000                __EEPROM_REGION_LENGTH__ = DEFINED (__EEPROM_REGION_LENGTH__)?__EEPROM_REGION_LENGTH__:0x10000
                [0x0000000000000003]                __FUSE_REGION_LENGTH__ = DEFINED (__FUSE_REGION_LENGTH__)?__FUSE_REGION_LENGTH__:0x400
                0x0000000000000400                __LOCK_REGION_LENGTH__ = DEFINED (__LOCK_REGION_LENGTH__)?__LOCK_REGION_LENGTH__:0x400
                0x0000000000000400                __SIGNATURE_REGION_LENGTH__ = DEFINED (__SIGNATURE_REGION_LENGTH__)?__SIGNATURE_REGION_LENGTH__:0x400
                0x0000000000000400                __USER_SIGNATURE_REGION_LENGTH__ = DEFINED (__USER_SIGNATURE_REGION_LENGTH__)?__USER_SIGNATURE_REGION_LENGTH__:0x400

.hash
 *(.hash)

.dynsym
 *(.dynsym)

.dynstr
 *(.dynstr)

.gnu.version
 *(.gnu.version)

.gnu.version_d
 *(.gnu.version_d)

.gnu.version_r
 *(.gnu.version_r)

.rel.init
 *(.rel.init)

.rela.init
 *(.rela.init)

.rel.text
 *(.rel.text)
 *(.rel.text.*)
 *(.rel.gnu.linkonce.t*)

.rela.text
 *(.rela.text)
 *(.rela.text.*)
 *(.rela.gnu.linkonce.t*)

.rel.fini
 *(.rel.fini)

.rela.fini
 *(.rela.fini)

.rel.rodata
 *(.rel.rodata)
 *(.rel.rodata.*)
 *(.rel.gnu.linkonce.r*)

.rela.rodata
 *(.rela.rodata)
 *(.rela.rodata.*)
 *(.rela.gnu.linkonce.r*)

.rel.data
 *(.rel.data)
 *(.rel.data.*)
 *(.rel.gnu.linkonce.d*)

.rela.data
 *(.rela.data)
 *(.rela.data.*)
 *(.rela.gnu.linkonce.d*)

.rel.ctors
 *(.rel.ctors)

.rela.ctors
 *(.rela.ctors)

.rel.dtors
 *(.rel.dtors)

.rela.dtors
 *(.rela.dtors)

.rel.got
 *(.rel.got)

.rela.got
 *(.rela.got)

.rel.bss
 *(.rel.bss)

.rela.bss
 *(.rela.bss)

.rel.plt
 *(.rel.plt)

.rela.plt
 *(.rela.plt)

.text           0x0000000000000000      0x8f2
 *(.vectors)
 .vectors       0x0000000000000000       0x7c /usr/lib/gcc/avr/7.4.0/../../../../avr/lib/avr5/crtatmega324pa.o
                0x0000000000000000                __vectors
                0x0000000000000000                __vector_default
 *(.vectors)
 *(.progmem.gcc*)
                0x000000000000007c                . = ALIGN (0x2)
                0x000000000000007c                __trampolines_start = .
 *(.trampolines)
 .trampolines   0x000000000000007c        0x0 linker stubs
 *(.trampolines*)
                0x000000000000007c                __trampolines_end = .
 *libprintf_flt.a:*(.progmem.data)
 *libc.a:*(.progmem.data)
 *(.progmem.*)
                0x000000000000007c                . = ALIGN (0x2)
 *(.lowtext)
 *(.lowtext*)
                0x000000000000007c                __ctors_start = .
 *(.ctors)
 .ctors         0x000000000000007c        0x2 main.o
                0x000000000000007e                __ctors_end = .
                0x000000000000007e                __dtors_start = .
 *(.dtors)
 .dtors         0x000000000000007e        0x2 main.o
                0x0000000000000080                __dtors_end = .
 SORT_BY_NAME(*)(.ctors)
 SORT_BY_NAME(*)(.dtors)
 *(.init0)
 .init0         0x0000000000000080        0x0 /usr/lib/gcc/avr/7.4.0/../../../../avr/lib/avr5/crtatmega324pa.o
                0x0000000000000080                __init
 *(.init0)
 *(.init1)
 *(.init1)
 *(.init2)
 .init2         0x0000000000000080        0xc /usr/lib/gcc/avr/7.4.0/../../../../avr/lib/avr5/crtatmega324pa.o
 *(.init2)
 *(.init3)
 *(.init3)
 *(.init4)
 .init4         0x000000000000008c       0x16 /usr/lib/gcc/avr/7.4.0/avr5/libgcc.a(_copy_data.o)
                0x000000000000008c                __do_copy_data
 .init4         0x00000000000000a2       0x10 /usr/lib/gcc/avr/7.4.0/avr5/libgcc.a(_clear_bss.o)
                0x00000000000000a2                __do_clear_bss
 *(.init4)
 *(.init5)
 *(.init5)
 *(.init6)
 .init6         0x00000000000000b2       0x16 /usr/lib/gcc/avr/7.4.0/avr5/libgcc.a(_ctors.o)
                0x00000000000000b2                __do_global_ctors
 *(.init6)
 *(.init7)
 *(.init7)
 *(.init8)
 *(.init8)
 *(.init9)
 .init9         0x00000000000000c8        0x8 /usr/lib/gcc/avr/7.4.0/../../../../avr/lib/avr5/crtatmega324pa.o
 *(.init9)
 *(.text)
 .text          0x00000000000000d0        0x4 /usr/lib/gcc/avr/7.4.0/../../../../avr/lib/avr5/crtatmega324pa.o
                0x00000000000000d0                __vector_22
                0x00000000000000d0                __vector_28
                0x00000000000000d0                __vector_1
                0x00000000000000d0                __vector_24
                0x00000000000000d0                __vector_12
                0x00000000000000d0                __bad_interrupt
                0x00000000000000d0                __vector_6
                0x00000000000000d0                __vector_3
                0x00000000000000d0                __vector_23
                0x00000000000000d0                __vector_30
                0x00000000000000d0                __vector_25
                0x00000000000000d0                __vector_11
                0x00000000000000d0                __vector_13
                0x00000000000000d0                __vector_17
                0x00000000000000d0                __vector_19
                0x00000000000000d0                __vector_7
                0x00000000000000d0                __vector_27
                0x00000000000000d0                __vector_5
                0x00000000000000d0                __vector_4
                0x00000000000000d0                __vector_9
                0x00000000000000d0                __vector_2
                0x00000000000000d0                __vector_21
                0x00000000000000d0                __vector_15
                0x00000000000000d0                __vector_29
                0x00000000000000d0                __vector_8
                0x00000000000000d0                __vector_26
                0x00000000000000d0                __vector_14
                0x00000000000000d0                __vector_10
                0x00000000000000d0                __vector_16
                0x00000000000000d0                __vector_18
                0x00000000000000d0                __vector_20
 .text          0x00000000000000d4      0x198 main.o
                0x00000000000000d4                _Z13prendreActionhh
                0x000000000000019a                _Z10seanceInitv
 .text          0x000000000000026c       0x40 ../lib_dir/libRobot.a(piezo.o)
                0x000000000000026c                _ZN5PiezoD2Ev
                0x000000000000026c                _ZN5PiezoD1Ev
                0x000000000000026e                _ZN5Piezo4initEv
                0x0000000000000280                _ZN5PiezoC1Ev
                0x0000000000000280                _ZN5PiezoC2Ev
                0x0000000000000294                _ZN5Piezo4playEh
                0x000000000000029a                _ZN5Piezo11calculTempsEj
                0x000000000000029e                _ZN5Piezo4stopEv
 .text          0x00000000000002ac       0x34 ../lib_dir/libRobot.a(del.o)
                0x00000000000002ac                _ZN3DelC2Ev
                0x00000000000002ac                _ZN3DelC1Ev
                0x00000000000002ae                _ZN3Del4vertEv
                0x00000000000002b4                _ZN3Del5rougeEv
                0x00000000000002ba                _ZN3Del5ambreEv
                0x00000000000002dc                _ZN3Del8eteindreEv
 .text          0x00000000000002e0      0x352 ../lib_dir/libRobot.a(memoire_24.o)
                0x00000000000002e0                _ZN13Memoire24CXXXD2Ev
                0x00000000000002e0                _ZN13Memoire24CXXXD1Ev
                0x00000000000002e2                _ZN13Memoire24CXXX4initEv
                0x00000000000002f4                _ZN13Memoire24CXXXC2Ev
                0x00000000000002f4                _ZN13Memoire24CXXXC1Ev
                0x00000000000002fe                _ZN13Memoire24CXXX12choisir_bancEh
                0x0000000000000314                _ZN13Memoire24CXXX7lectureEjPh
                0x00000000000003d6                _ZN13Memoire24CXXX7lectureEjPhh
                0x000000000000049e                _ZN13Memoire24CXXX8ecritureEjh
                0x000000000000052e                _ZN13Memoire24CXXX11ecrire_pageEjPhh
                0x00000000000005ec                _ZN13Memoire24CXXX8ecritureEjPhh
 .text          0x0000000000000632       0xba ../lib_dir/libRobot.a(moteur.o)
                0x0000000000000632                _ZN6MoteurC1Ev
                0x0000000000000632                _ZN6MoteurC2Ev
                0x0000000000000634                _ZN6MoteurC2Ehh
                0x0000000000000634                _ZN6MoteurC1Ehh
                0x0000000000000662                _ZN6MoteurD2Ev
                0x0000000000000662                _ZN6MoteurD1Ev
                0x0000000000000664                _ZN6Moteur19calculerPourcentageEh
                0x000000000000067a                _ZN6Moteur11startEngineEv
                0x0000000000000694                _ZN6Moteur11changeSpeedEhh
 .text          0x00000000000006ec       0x42 ../lib_dir/libRobot.a(UART.o)
                0x00000000000006ec                _ZN4UART18initialisationUARTEv
                0x000000000000070c                _ZN4UARTC2Ev
                0x000000000000070c                _ZN4UARTC1Ev
                0x0000000000000710                _ZN4UART16transmissionUARTEh
                0x0000000000000720                _ZN4UART13receptionUARTEv
 .text          0x000000000000072e        0x0 /usr/lib/gcc/avr/7.4.0/avr5/libgcc.a(_divmodhi4.o)
 .text          0x000000000000072e        0x0 /usr/lib/gcc/avr/7.4.0/avr5/libgcc.a(_exit.o)
 .text          0x000000000000072e        0x0 /usr/lib/gcc/avr/7.4.0/avr5/libgcc.a(_copy_data.o)
 .text          0x000000000000072e        0x0 /usr/lib/gcc/avr/7.4.0/avr5/libgcc.a(_clear_bss.o)
 .text          0x000000000000072e        0x0 /usr/lib/gcc/avr/7.4.0/avr5/libgcc.a(_ctors.o)
 .text          0x000000000000072e        0x0 /usr/lib/gcc/avr/7.4.0/avr5/libgcc.a(_dtors.o)
 .text          0x000000000000072e        0x0 /usr/lib/gcc/avr/7.4.0/avr5/libgcc.a(_udivmodhi4.o)
 .text          0x000000000000072e        0x0 /usr/lib/gcc/avr/7.4.0/avr5/libgcc.a(_tablejump2.o)
                0x000000000000072e                . = ALIGN (0x2)
 *(.text.*)
 .text.startup  0x000000000000072e      0x136 main.o
                0x000000000000072e                main
 .text.exit     0x0000000000000864       0x18 main.o
 .text.libgcc.mul
                0x000000000000087c        0x0 /usr/lib/gcc/avr/7.4.0/avr5/libgcc.a(_divmodhi4.o)
 .text.libgcc.div
                0x000000000000087c       0x28 /usr/lib/gcc/avr/7.4.0/avr5/libgcc.a(_divmodhi4.o)
                0x000000000000087c                __divmodhi4
                0x000000000000087c                _div
 .text.libgcc   0x00000000000008a4        0x0 /usr/lib/gcc/avr/7.4.0/avr5/libgcc.a(_divmodhi4.o)
 .text.libgcc.prologue
                0x00000000000008a4        0x0 /usr/lib/gcc/avr/7.4.0/avr5/libgcc.a(_divmodhi4.o)
 .text.libgcc.builtins
                0x00000000000008a4        0x0 /usr/lib/gcc/avr/7.4.0/avr5/libgcc.a(_divmodhi4.o)
 .text.libgcc.fmul
                0x00000000000008a4        0x0 /usr/lib/gcc/avr/7.4.0/avr5/libgcc.a(_divmodhi4.o)
 .text.libgcc.fixed
                0x00000000000008a4        0x0 /usr/lib/gcc/avr/7.4.0/avr5/libgcc.a(_divmodhi4.o)
 .text.libgcc.mul
                0x00000000000008a4        0x0 /usr/lib/gcc/avr/7.4.0/avr5/libgcc.a(_exit.o)
 .text.libgcc.div
                0x00000000000008a4        0x0 /usr/lib/gcc/avr/7.4.0/avr5/libgcc.a(_exit.o)
 .text.libgcc   0x00000000000008a4        0x0 /usr/lib/gcc/avr/7.4.0/avr5/libgcc.a(_exit.o)
 .text.libgcc.prologue
                0x00000000000008a4        0x0 /usr/lib/gcc/avr/7.4.0/avr5/libgcc.a(_exit.o)
 .text.libgcc.builtins
                0x00000000000008a4        0x0 /usr/lib/gcc/avr/7.4.0/avr5/libgcc.a(_exit.o)
 .text.libgcc.fmul
                0x00000000000008a4        0x0 /usr/lib/gcc/avr/7.4.0/avr5/libgcc.a(_exit.o)
 .text.libgcc.fixed
                0x00000000000008a4        0x0 /usr/lib/gcc/avr/7.4.0/avr5/libgcc.a(_exit.o)
 .text.libgcc.mul
                0x00000000000008a4        0x0 /usr/lib/gcc/avr/7.4.0/avr5/libgcc.a(_copy_data.o)
 .text.libgcc.div
                0x00000000000008a4        0x0 /usr/lib/gcc/avr/7.4.0/avr5/libgcc.a(_copy_data.o)
 .text.libgcc   0x00000000000008a4        0x0 /usr/lib/gcc/avr/7.4.0/avr5/libgcc.a(_copy_data.o)
 .text.libgcc.prologue
                0x00000000000008a4        0x0 /usr/lib/gcc/avr/7.4.0/avr5/libgcc.a(_copy_data.o)
 .text.libgcc.builtins
                0x00000000000008a4        0x0 /usr/lib/gcc/avr/7.4.0/avr5/libgcc.a(_copy_data.o)
 .text.libgcc.fmul
                0x00000000000008a4        0x0 /usr/lib/gcc/avr/7.4.0/avr5/libgcc.a(_copy_data.o)
 .text.libgcc.fixed
                0x00000000000008a4        0x0 /usr/lib/gcc/avr/7.4.0/avr5/libgcc.a(_copy_data.o)
 .text.libgcc.mul
                0x00000000000008a4        0x0 /usr/lib/gcc/avr/7.4.0/avr5/libgcc.a(_clear_bss.o)
 .text.libgcc.div
                0x00000000000008a4        0x0 /usr/lib/gcc/avr/7.4.0/avr5/libgcc.a(_clear_bss.o)
 .text.libgcc   0x00000000000008a4        0x0 /usr/lib/gcc/avr/7.4.0/avr5/libgcc.a(_clear_bss.o)
 .text.libgcc.prologue
                0x00000000000008a4        0x0 /usr/lib/gcc/avr/7.4.0/avr5/libgcc.a(_clear_bss.o)
 .text.libgcc.builtins
                0x00000000000008a4        0x0 /usr/lib/gcc/avr/7.4.0/avr5/libgcc.a(_clear_bss.o)
 .text.libgcc.fmul
                0x00000000000008a4        0x0 /usr/lib/gcc/avr/7.4.0/avr5/libgcc.a(_clear_bss.o)
 .text.libgcc.fixed
                0x00000000000008a4        0x0 /usr/lib/gcc/avr/7.4.0/avr5/libgcc.a(_clear_bss.o)
 .text.libgcc.mul
                0x00000000000008a4        0x0 /usr/lib/gcc/avr/7.4.0/avr5/libgcc.a(_ctors.o)
 .text.libgcc.div
                0x00000000000008a4        0x0 /usr/lib/gcc/avr/7.4.0/avr5/libgcc.a(_ctors.o)
 .text.libgcc   0x00000000000008a4        0x0 /usr/lib/gcc/avr/7.4.0/avr5/libgcc.a(_ctors.o)
 .text.libgcc.prologue
                0x00000000000008a4        0x0 /usr/lib/gcc/avr/7.4.0/avr5/libgcc.a(_ctors.o)
 .text.libgcc.builtins
                0x00000000000008a4        0x0 /usr/lib/gcc/avr/7.4.0/avr5/libgcc.a(_ctors.o)
 .text.libgcc.fmul
                0x00000000000008a4        0x0 /usr/lib/gcc/avr/7.4.0/avr5/libgcc.a(_ctors.o)
 .text.libgcc.fixed
                0x00000000000008a4        0x0 /usr/lib/gcc/avr/7.4.0/avr5/libgcc.a(_ctors.o)
 .text.libgcc.mul
                0x00000000000008a4        0x0 /usr/lib/gcc/avr/7.4.0/avr5/libgcc.a(_dtors.o)
 .text.libgcc.div
                0x00000000000008a4        0x0 /usr/lib/gcc/avr/7.4.0/avr5/libgcc.a(_dtors.o)
 .text.libgcc   0x00000000000008a4        0x0 /usr/lib/gcc/avr/7.4.0/avr5/libgcc.a(_dtors.o)
 .text.libgcc.prologue
                0x00000000000008a4        0x0 /usr/lib/gcc/avr/7.4.0/avr5/libgcc.a(_dtors.o)
 .text.libgcc.builtins
                0x00000000000008a4        0x0 /usr/lib/gcc/avr/7.4.0/avr5/libgcc.a(_dtors.o)
 .text.libgcc.fmul
                0x00000000000008a4        0x0 /usr/lib/gcc/avr/7.4.0/avr5/libgcc.a(_dtors.o)
 .text.libgcc.fixed
                0x00000000000008a4        0x0 /usr/lib/gcc/avr/7.4.0/avr5/libgcc.a(_dtors.o)
 .text.libgcc.mul
                0x00000000000008a4        0x0 /usr/lib/gcc/avr/7.4.0/avr5/libgcc.a(_udivmodhi4.o)
 .text.libgcc.div
                0x00000000000008a4       0x28 /usr/lib/gcc/avr/7.4.0/avr5/libgcc.a(_udivmodhi4.o)
                0x00000000000008a4                __udivmodhi4
 .text.libgcc   0x00000000000008cc        0x0 /usr/lib/gcc/avr/7.4.0/avr5/libgcc.a(_udivmodhi4.o)
 .text.libgcc.prologue
                0x00000000000008cc        0x0 /usr/lib/gcc/avr/7.4.0/avr5/libgcc.a(_udivmodhi4.o)
 .text.libgcc.builtins
                0x00000000000008cc        0x0 /usr/lib/gcc/avr/7.4.0/avr5/libgcc.a(_udivmodhi4.o)
 .text.libgcc.fmul
                0x00000000000008cc        0x0 /usr/lib/gcc/avr/7.4.0/avr5/libgcc.a(_udivmodhi4.o)
 .text.libgcc.fixed
                0x00000000000008cc        0x0 /usr/lib/gcc/avr/7.4.0/avr5/libgcc.a(_udivmodhi4.o)
 .text.libgcc.mul
                0x00000000000008cc        0x0 /usr/lib/gcc/avr/7.4.0/avr5/libgcc.a(_tablejump2.o)
 .text.libgcc.div
                0x00000000000008cc        0x0 /usr/lib/gcc/avr/7.4.0/avr5/libgcc.a(_tablejump2.o)
 .text.libgcc   0x00000000000008cc        0xc /usr/lib/gcc/avr/7.4.0/avr5/libgcc.a(_tablejump2.o)
                0x00000000000008cc                __tablejump2__
 .text.libgcc.prologue
                0x00000000000008d8        0x0 /usr/lib/gcc/avr/7.4.0/avr5/libgcc.a(_tablejump2.o)
 .text.libgcc.builtins
                0x00000000000008d8        0x0 /usr/lib/gcc/avr/7.4.0/avr5/libgcc.a(_tablejump2.o)
 .text.libgcc.fmul
                0x00000000000008d8        0x0 /usr/lib/gcc/avr/7.4.0/avr5/libgcc.a(_tablejump2.o)
 .text.libgcc.fixed
                0x00000000000008d8        0x0 /usr/lib/gcc/avr/7.4.0/avr5/libgcc.a(_tablejump2.o)
                0x00000000000008d8                . = ALIGN (0x2)
 *(.fini9)
 .fini9         0x00000000000008d8        0x0 /usr/lib/gcc/avr/7.4.0/avr5/libgcc.a(_exit.o)
                0x00000000000008d8                exit
                0x00000000000008d8                _exit
 *(.fini9)
 *(.fini8)
 *(.fini8)
 *(.fini7)
 *(.fini7)
 *(.fini6)
 .fini6         0x00000000000008d8       0x16 /usr/lib/gcc/avr/7.4.0/avr5/libgcc.a(_dtors.o)
                0x00000000000008d8                __do_global_dtors
 *(.fini6)
 *(.fini5)
 *(.fini5)
 *(.fini4)
 *(.fini4)
 *(.fini3)
 *(.fini3)
 *(.fini2)
 *(.fini2)
 *(.fini1)
 *(.fini1)
 *(.fini0)
 .fini0         0x00000000000008ee        0x4 /usr/lib/gcc/avr/7.4.0/avr5/libgcc.a(_exit.o)
 *(.fini0)
 *(.hightext)
 *(.hightext*)
 *(.progmemx.*)
                0x00000000000008f2                . = ALIGN (0x2)
 *(.jumptables)
 *(.jumptables*)
                0x00000000000008f2                _etext = .

.data           0x0000000000800100       0x4c load address 0x00000000000008f2
                0x0000000000800100                PROVIDE (__data_start = .)
 *(.data)
 .data          0x0000000000800100        0x0 /usr/lib/gcc/avr/7.4.0/../../../../avr/lib/avr5/crtatmega324pa.o
 .data          0x0000000000800100        0x0 main.o
 .data          0x0000000000800100        0x0 ../lib_dir/libRobot.a(piezo.o)
 .data          0x0000000000800100        0x0 ../lib_dir/libRobot.a(del.o)
 .data          0x0000000000800100        0x1 ../lib_dir/libRobot.a(memoire_24.o)
                0x0000000000800100                _ZN13Memoire24CXXX22m_adresse_peripheriqueE
 .data          0x0000000000800101        0x0 ../lib_dir/libRobot.a(moteur.o)
 .data          0x0000000000800101        0x0 ../lib_dir/libRobot.a(UART.o)
 .data          0x0000000000800101        0x0 /usr/lib/gcc/avr/7.4.0/avr5/libgcc.a(_divmodhi4.o)
 .data          0x0000000000800101        0x0 /usr/lib/gcc/avr/7.4.0/avr5/libgcc.a(_exit.o)
 .data          0x0000000000800101        0x0 /usr/lib/gcc/avr/7.4.0/avr5/libgcc.a(_copy_data.o)
 .data          0x0000000000800101        0x0 /usr/lib/gcc/avr/7.4.0/avr5/libgcc.a(_clear_bss.o)
 .data          0x0000000000800101        0x0 /usr/lib/gcc/avr/7.4.0/avr5/libgcc.a(_ctors.o)
 .data          0x0000000000800101        0x0 /usr/lib/gcc/avr/7.4.0/avr5/libgcc.a(_dtors.o)
 .data          0x0000000000800101        0x0 /usr/lib/gcc/avr/7.4.0/avr5/libgcc.a(_udivmodhi4.o)
 .data          0x0000000000800101        0x0 /usr/lib/gcc/avr/7.4.0/avr5/libgcc.a(_tablejump2.o)
 *(.data*)
 *(.gnu.linkonce.d*)
 *(.rodata)
 .rodata        0x0000000000800101       0x4a ../lib_dir/libRobot.a(piezo.o)
 *(.rodata*)
 *(.gnu.linkonce.r*)
                0x000000000080014c                . = ALIGN (0x2)
 *fill*         0x000000000080014b        0x1 
                0x000000000080014c                _edata = .
                0x000000000080014c                PROVIDE (__data_end = .)

.bss            0x000000000080014c       0x54
                0x000000000080014c                PROVIDE (__bss_start = .)
 *(.bss)
 .bss           0x000000000080014c        0x0 /usr/lib/gcc/avr/7.4.0/../../../../avr/lib/avr5/crtatmega324pa.o
 .bss           0x000000000080014c       0x54 main.o
                0x000000000080014c                adr
                0x000000000080014e                debuterRoutine
                0x000000000080014f                loopCounter
                0x0000000000800150                loopAdrStart
                0x0000000000800151                piezo
                0x000000000080019b                moteur
                0x000000000080019d                del
                0x000000000080019e                uart
                0x000000000080019f                mem
 .bss           0x00000000008001a0        0x0 ../lib_dir/libRobot.a(piezo.o)
 .bss           0x00000000008001a0        0x0 ../lib_dir/libRobot.a(del.o)
 .bss           0x00000000008001a0        0x0 ../lib_dir/libRobot.a(memoire_24.o)
 .bss           0x00000000008001a0        0x0 ../lib_dir/libRobot.a(moteur.o)
 .bss           0x00000000008001a0        0x0 ../lib_dir/libRobot.a(UART.o)
 .bss           0x00000000008001a0        0x0 /usr/lib/gcc/avr/7.4.0/avr5/libgcc.a(_divmodhi4.o)
 .bss           0x00000000008001a0        0x0 /usr/lib/gcc/avr/7.4.0/avr5/libgcc.a(_exit.o)
 .bss           0x00000000008001a0        0x0 /usr/lib/gcc/avr/7.4.0/avr5/libgcc.a(_copy_data.o)
 .bss           0x00000000008001a0        0x0 /usr/lib/gcc/avr/7.4.0/avr5/libgcc.a(_clear_bss.o)
 .bss           0x00000000008001a0        0x0 /usr/lib/gcc/avr/7.4.0/avr5/libgcc.a(_ctors.o)
 .bss           0x00000000008001a0        0x0 /usr/lib/gcc/avr/7.4.0/avr5/libgcc.a(_dtors.o)
 .bss           0x00000000008001a0        0x0 /usr/lib/gcc/avr/7.4.0/avr5/libgcc.a(_udivmodhi4.o)
 .bss           0x00000000008001a0        0x0 /usr/lib/gcc/avr/7.4.0/avr5/libgcc.a(_tablejump2.o)
 *(.bss*)
 *(COMMON)
                0x00000000008001a0                PROVIDE (__bss_end = .)
                0x00000000000008f2                __data_load_start = LOADADDR (.data)
                0x000000000000093e                __data_load_end = (__data_load_start + SIZEOF (.data))

.noinit         0x00000000008001a0        0x0
                [!provide]                        PROVIDE (__noinit_start = .)
 *(.noinit*)
                [!provide]                        PROVIDE (__noinit_end = .)
                0x00000000008001a0                _end = .
                [!provide]                        PROVIDE (__heap_start = .)

.eeprom         0x0000000000810000        0x0
 *(.eeprom*)
                0x0000000000810000                __eeprom_end = .

.fuse
 *(.fuse)
 *(.lfuse)
 *(.hfuse)
 *(.efuse)

.lock
 *(.lock*)

.signature
 *(.signature*)

.stab           0x0000000000000000     0x3de0
 *(.stab)
 .stab          0x0000000000000000      0xbb8 main.o
 .stab          0x0000000000000bb8      0x72c ../lib_dir/libRobot.a(piezo.o)
                                        0x738 (size before relaxing)
 .stab          0x00000000000012e4      0x72c ../lib_dir/libRobot.a(del.o)
                                        0x738 (size before relaxing)
 .stab          0x0000000000001a10      0xec4 ../lib_dir/libRobot.a(memoire_24.o)
                                        0xed0 (size before relaxing)
 .stab          0x00000000000028d4      0x7b0 ../lib_dir/libRobot.a(moteur.o)
                                        0x7bc (size before relaxing)
 .stab          0x0000000000003084      0x684 ../lib_dir/libRobot.a(UART.o)
                                        0x690 (size before relaxing)
 .stab          0x0000000000003708      0x138 /usr/lib/gcc/avr/7.4.0/avr5/libgcc.a(_divmodhi4.o)
                                        0x144 (size before relaxing)
 .stab          0x0000000000003840       0x6c /usr/lib/gcc/avr/7.4.0/avr5/libgcc.a(_exit.o)
                                         0x78 (size before relaxing)
 .stab          0x00000000000038ac       0xd8 /usr/lib/gcc/avr/7.4.0/avr5/libgcc.a(_copy_data.o)
                                         0xe4 (size before relaxing)
 .stab          0x0000000000003984       0xb4 /usr/lib/gcc/avr/7.4.0/avr5/libgcc.a(_clear_bss.o)
                                         0xc0 (size before relaxing)
 .stab          0x0000000000003a38       0xd8 /usr/lib/gcc/avr/7.4.0/avr5/libgcc.a(_ctors.o)
                                         0xe4 (size before relaxing)
 .stab          0x0000000000003b10       0xd8 /usr/lib/gcc/avr/7.4.0/avr5/libgcc.a(_dtors.o)
                                         0xe4 (size before relaxing)
 .stab          0x0000000000003be8      0x15c /usr/lib/gcc/avr/7.4.0/avr5/libgcc.a(_udivmodhi4.o)
                                        0x168 (size before relaxing)
 .stab          0x0000000000003d44       0x9c /usr/lib/gcc/avr/7.4.0/avr5/libgcc.a(_tablejump2.o)
                                         0xa8 (size before relaxing)

.stabstr        0x0000000000000000     0x2d04
 *(.stabstr)
 .stabstr       0x0000000000000000     0x2d04 main.o

.stab.excl
 *(.stab.excl)

.stab.exclstr
 *(.stab.exclstr)

.stab.index
 *(.stab.index)

.stab.indexstr
 *(.stab.indexstr)

.comment        0x0000000000000000       0x21
 *(.comment)
 .comment       0x0000000000000000       0x21 main.o
                                         0x22 (size before relaxing)
 .comment       0x0000000000000021       0x22 ../lib_dir/libRobot.a(piezo.o)
 .comment       0x0000000000000021       0x22 ../lib_dir/libRobot.a(del.o)
 .comment       0x0000000000000021       0x22 ../lib_dir/libRobot.a(memoire_24.o)
 .comment       0x0000000000000021       0x22 ../lib_dir/libRobot.a(moteur.o)
 .comment       0x0000000000000021       0x22 ../lib_dir/libRobot.a(UART.o)

.note.gnu.avr.deviceinfo
                0x0000000000000000       0x40
 .note.gnu.avr.deviceinfo
                0x0000000000000000       0x40 /usr/lib/gcc/avr/7.4.0/../../../../avr/lib/avr5/crtatmega324pa.o

.note.gnu.build-id
 *(.note.gnu.build-id)

.debug
 *(.debug)

.line
 *(.line)

.debug_srcinfo
 *(.debug_srcinfo)

.debug_sfnames
 *(.debug_sfnames)

.debug_aranges
 *(.debug_aranges)

.debug_pubnames
 *(.debug_pubnames)

.debug_info     0x0000000000000000      0x6cc
 *(.debug_info .gnu.linkonce.wi.*)
 .debug_info    0x0000000000000000      0x6cc /usr/lib/gcc/avr/7.4.0/../../../../avr/lib/avr5/crtatmega324pa.o

.debug_abbrev   0x0000000000000000      0x66e
 *(.debug_abbrev)
 .debug_abbrev  0x0000000000000000      0x66e /usr/lib/gcc/avr/7.4.0/../../../../avr/lib/avr5/crtatmega324pa.o

.debug_line     0x0000000000000000       0x1d
 *(.debug_line .debug_line.* .debug_line_end)
 .debug_line    0x0000000000000000       0x1d /usr/lib/gcc/avr/7.4.0/../../../../avr/lib/avr5/crtatmega324pa.o

.debug_frame
 *(.debug_frame)

.debug_str      0x0000000000000000      0x255
 *(.debug_str)
 .debug_str     0x0000000000000000      0x255 /usr/lib/gcc/avr/7.4.0/../../../../avr/lib/avr5/crtatmega324pa.o

.debug_loc
 *(.debug_loc)

.debug_macinfo
 *(.debug_macinfo)

.debug_weaknames
 *(.debug_weaknames)

.debug_funcnames
 *(.debug_funcnames)

.debug_typenames
 *(.debug_typenames)

.debug_varnames
 *(.debug_varnames)

.debug_pubtypes
 *(.debug_pubtypes)

.debug_ranges
 *(.debug_ranges)

.debug_macro
 *(.debug_macro)

.debug_addr
 *(.debug_addr)
OUTPUT(main.out elf32-avr)
LOAD linker stubs
